

> web@1.0.0 lint-stage /home/danmo/Dev/SideQuest/nextjs-architecture-blank/apps/web
> pnpm lint-staged

[?25l[2m◼[22m Preparing lint-staged...
[2K[1A[2K[G[2m◼[22m Preparing lint-staged...
[2m◼[22m Running tasks for staged files...
[2K[1A[2K[1A[2K[G[2m◼[22m Preparing lint-staged...
[2m◼[22m Running tasks for staged files...
[2m◼[22m Applying modifications from tasks...
[2K[1A[2K[1A[2K[1A[2K[G[2m◼[22m Preparing lint-staged...
[2m◼[22m Running tasks for staged files...
[2m◼[22m Applying modifications from tasks...
[2m◼[22m Cleaning up temporary files...
[2K[1A[2K[1A[2K[1A[2K[1A[2K[G[33m⠋[39m Preparing lint-staged...
[2m◼[22m Running tasks for staged files...
[2m◼[22m Applying modifications from tasks...
[2m◼[22m Cleaning up temporary files...
[2K[1A[2K[1A[2K[1A[2K[1A[2K[G[33m⠙[39m Preparing lint-staged...
[2m◼[22m Running tasks for staged files...
[2m◼[22m Applying modifications from tasks...
[2m◼[22m Cleaning up temporary files...
[2K[1A[2K[1A[2K[1A[2K[1A[2K[G[33m⠹[39m Preparing lint-staged...
[2m◼[22m Running tasks for staged files...
[2m◼[22m Applying modifications from tasks...
[2m◼[22m Cleaning up temporary files...
